{
  "path": "TestKotlin",
  "projects": [
    {
      "name": "Submodule1",
      "path": "Submodule1",
      "dependencies": [],
      "buildFile": "build.gradle.kts"
    },
    {
      "name": "Submodule1.main",
      "path": "main",
      "dependencies": [
        {
          "type": "tse.unblockt.ls.server.ProjectImportTest.SerializableDependency.SerializableLibrary",
          "name": "annotations",
          "paths": [
            "annotations-23.0.0.jar"
          ]
        },
        {
          "type": "tse.unblockt.ls.server.ProjectImportTest.SerializableDependency.SerializableLibrary",
          "name": "config",
          "paths": [
            "config-1.4.3.jar"
          ]
        },
        {
          "type": "tse.unblockt.ls.server.ProjectImportTest.SerializableDependency.SerializableLibrary",
          "name": "kotlin-reflect",
          "paths": [
            "kotlin-reflect-1.8.22.jar"
          ]
        },
        {
          "type": "tse.unblockt.ls.server.ProjectImportTest.SerializableDependency.SerializableLibrary",
          "name": "kotlin-stdlib",
          "paths": [
            "kotlin-stdlib-1.8.22.jar"
          ]
        },
        {
          "type": "tse.unblockt.ls.server.ProjectImportTest.SerializableDependency.SerializableLibrary",
          "name": "kotlin-stdlib-common",
          "paths": [
            "kotlin-stdlib-common-1.8.22.jar"
          ]
        },
        {
          "type": "tse.unblockt.ls.server.ProjectImportTest.SerializableDependency.SerializableLibrary",
          "name": "kotlin-stdlib-jdk7",
          "paths": [
            "kotlin-stdlib-jdk7-1.8.22.jar"
          ]
        },
        {
          "type": "tse.unblockt.ls.server.ProjectImportTest.SerializableDependency.SerializableLibrary",
          "name": "kotlin-stdlib-jdk8",
          "paths": [
            "kotlin-stdlib-jdk8-1.8.22.jar"
          ]
        },
        {
          "type": "tse.unblockt.ls.server.ProjectImportTest.SerializableDependency.SerializableLibrary",
          "name": "kotlinx-coroutines-core-jvm",
          "paths": [
            "kotlinx-coroutines-core-jvm-1.7.1.jar"
          ]
        },
        {
          "type": "tse.unblockt.ls.server.ProjectImportTest.SerializableDependency.SerializableLibrary",
          "name": "kotlinx-coroutines-jdk8",
          "paths": [
            "kotlinx-coroutines-jdk8-1.7.1.jar"
          ]
        },
        {
          "type": "tse.unblockt.ls.server.ProjectImportTest.SerializableDependency.SerializableLibrary",
          "name": "ktor-events-jvm",
          "paths": [
            "ktor-events-jvm-2.3.12.jar"
          ]
        },
        {
          "type": "tse.unblockt.ls.server.ProjectImportTest.SerializableDependency.SerializableLibrary",
          "name": "ktor-http-jvm",
          "paths": [
            "ktor-http-jvm-2.3.12.jar"
          ]
        },
        {
          "type": "tse.unblockt.ls.server.ProjectImportTest.SerializableDependency.SerializableLibrary",
          "name": "ktor-io-jvm",
          "paths": [
            "ktor-io-jvm-2.3.12.jar"
          ]
        },
        {
          "type": "tse.unblockt.ls.server.ProjectImportTest.SerializableDependency.SerializableLibrary",
          "name": "ktor-serialization-jvm",
          "paths": [
            "ktor-serialization-jvm-2.3.12.jar"
          ]
        },
        {
          "type": "tse.unblockt.ls.server.ProjectImportTest.SerializableDependency.SerializableLibrary",
          "name": "ktor-server-core-jvm",
          "paths": [
            "ktor-server-core-jvm-2.3.12.jar"
          ]
        },
        {
          "type": "tse.unblockt.ls.server.ProjectImportTest.SerializableDependency.SerializableLibrary",
          "name": "ktor-utils-jvm",
          "paths": [
            "ktor-utils-jvm-2.3.12.jar"
          ]
        },
        {
          "type": "tse.unblockt.ls.server.ProjectImportTest.SerializableDependency.SerializableLibrary",
          "name": "ktor-websockets-jvm",
          "paths": [
            "ktor-websockets-jvm-2.3.12.jar"
          ]
        },
        {
          "type": "tse.unblockt.ls.server.ProjectImportTest.SerializableDependency.SerializableLibrary",
          "name": "slf4j-api",
          "paths": [
            "slf4j-api-1.7.36.jar"
          ]
        }
      ],
      "buildFile": "build.gradle.kts"
    },
    {
      "name": "Submodule1.test",
      "path": "test",
      "dependencies": [
        {
          "type": "tse.unblockt.ls.server.ProjectImportTest.SerializableDependency.SerializableModule",
          "name": "Submodule1.main",
          "path": "main"
        },
        {
          "type": "tse.unblockt.ls.server.ProjectImportTest.SerializableDependency.SerializableLibrary",
          "name": "annotations",
          "paths": [
            "annotations-23.0.0.jar"
          ]
        },
        {
          "type": "tse.unblockt.ls.server.ProjectImportTest.SerializableDependency.SerializableLibrary",
          "name": "apiguardian-api",
          "paths": [
            "apiguardian-api-1.1.2.jar"
          ]
        },
        {
          "type": "tse.unblockt.ls.server.ProjectImportTest.SerializableDependency.SerializableLibrary",
          "name": "config",
          "paths": [
            "config-1.4.3.jar"
          ]
        },
        {
          "type": "tse.unblockt.ls.server.ProjectImportTest.SerializableDependency.SerializableLibrary",
          "name": "junit-jupiter",
          "paths": [
            "junit-jupiter-5.10.0.jar"
          ]
        },
        {
          "type": "tse.unblockt.ls.server.ProjectImportTest.SerializableDependency.SerializableLibrary",
          "name": "junit-jupiter-api",
          "paths": [
            "junit-jupiter-api-5.10.0.jar"
          ]
        },
        {
          "type": "tse.unblockt.ls.server.ProjectImportTest.SerializableDependency.SerializableLibrary",
          "name": "junit-jupiter-params",
          "paths": [
            "junit-jupiter-params-5.10.0.jar"
          ]
        },
        {
          "type": "tse.unblockt.ls.server.ProjectImportTest.SerializableDependency.SerializableLibrary",
          "name": "junit-platform-commons",
          "paths": [
            "junit-platform-commons-1.10.0.jar"
          ]
        },
        {
          "type": "tse.unblockt.ls.server.ProjectImportTest.SerializableDependency.SerializableLibrary",
          "name": "kotlin-reflect",
          "paths": [
            "kotlin-reflect-1.8.22.jar"
          ]
        },
        {
          "type": "tse.unblockt.ls.server.ProjectImportTest.SerializableDependency.SerializableLibrary",
          "name": "kotlin-stdlib",
          "paths": [
            "kotlin-stdlib-1.8.22.jar"
          ]
        },
        {
          "type": "tse.unblockt.ls.server.ProjectImportTest.SerializableDependency.SerializableLibrary",
          "name": "kotlin-stdlib-common",
          "paths": [
            "kotlin-stdlib-common-1.8.22.jar"
          ]
        },
        {
          "type": "tse.unblockt.ls.server.ProjectImportTest.SerializableDependency.SerializableLibrary",
          "name": "kotlin-stdlib-jdk7",
          "paths": [
            "kotlin-stdlib-jdk7-1.8.22.jar"
          ]
        },
        {
          "type": "tse.unblockt.ls.server.ProjectImportTest.SerializableDependency.SerializableLibrary",
          "name": "kotlin-stdlib-jdk8",
          "paths": [
            "kotlin-stdlib-jdk8-1.8.22.jar"
          ]
        },
        {
          "type": "tse.unblockt.ls.server.ProjectImportTest.SerializableDependency.SerializableLibrary",
          "name": "kotlinx-coroutines-core-jvm",
          "paths": [
            "kotlinx-coroutines-core-jvm-1.7.1.jar"
          ]
        },
        {
          "type": "tse.unblockt.ls.server.ProjectImportTest.SerializableDependency.SerializableLibrary",
          "name": "kotlinx-coroutines-jdk8",
          "paths": [
            "kotlinx-coroutines-jdk8-1.7.1.jar"
          ]
        },
        {
          "type": "tse.unblockt.ls.server.ProjectImportTest.SerializableDependency.SerializableLibrary",
          "name": "ktor-events-jvm",
          "paths": [
            "ktor-events-jvm-2.3.12.jar"
          ]
        },
        {
          "type": "tse.unblockt.ls.server.ProjectImportTest.SerializableDependency.SerializableLibrary",
          "name": "ktor-http-jvm",
          "paths": [
            "ktor-http-jvm-2.3.12.jar"
          ]
        },
        {
          "type": "tse.unblockt.ls.server.ProjectImportTest.SerializableDependency.SerializableLibrary",
          "name": "ktor-io-jvm",
          "paths": [
            "ktor-io-jvm-2.3.12.jar"
          ]
        },
        {
          "type": "tse.unblockt.ls.server.ProjectImportTest.SerializableDependency.SerializableLibrary",
          "name": "ktor-serialization-jvm",
          "paths": [
            "ktor-serialization-jvm-2.3.12.jar"
          ]
        },
        {
          "type": "tse.unblockt.ls.server.ProjectImportTest.SerializableDependency.SerializableLibrary",
          "name": "ktor-server-core-jvm",
          "paths": [
            "ktor-server-core-jvm-2.3.12.jar"
          ]
        },
        {
          "type": "tse.unblockt.ls.server.ProjectImportTest.SerializableDependency.SerializableLibrary",
          "name": "ktor-utils-jvm",
          "paths": [
            "ktor-utils-jvm-2.3.12.jar"
          ]
        },
        {
          "type": "tse.unblockt.ls.server.ProjectImportTest.SerializableDependency.SerializableLibrary",
          "name": "ktor-websockets-jvm",
          "paths": [
            "ktor-websockets-jvm-2.3.12.jar"
          ]
        },
        {
          "type": "tse.unblockt.ls.server.ProjectImportTest.SerializableDependency.SerializableLibrary",
          "name": "opentest4j",
          "paths": [
            "opentest4j-1.3.0.jar"
          ]
        },
        {
          "type": "tse.unblockt.ls.server.ProjectImportTest.SerializableDependency.SerializableLibrary",
          "name": "slf4j-api",
          "paths": [
            "slf4j-api-1.7.36.jar"
          ]
        }
      ],
      "buildFile": "build.gradle.kts"
    },
    {
      "name": "Submodule2",
      "path": "Submodule2",
      "dependencies": [],
      "buildFile": "build.gradle.kts"
    },
    {
      "name": "Submodule2.main",
      "path": "main",
      "dependencies": [
        {
          "type": "tse.unblockt.ls.server.ProjectImportTest.SerializableDependency.SerializableModule",
          "name": "Submodule1.main",
          "path": "main"
        }
      ],
      "buildFile": "build.gradle.kts"
    },
    {
      "name": "Submodule2.test",
      "path": "test",
      "dependencies": [
        {
          "type": "tse.unblockt.ls.server.ProjectImportTest.SerializableDependency.SerializableModule",
          "name": "Submodule1.main",
          "path": "main"
        },
        {
          "type": "tse.unblockt.ls.server.ProjectImportTest.SerializableDependency.SerializableModule",
          "name": "Submodule2.main",
          "path": "main"
        },
        {
          "type": "tse.unblockt.ls.server.ProjectImportTest.SerializableDependency.SerializableLibrary",
          "name": "apiguardian-api",
          "paths": [
            "apiguardian-api-1.1.2.jar"
          ]
        },
        {
          "type": "tse.unblockt.ls.server.ProjectImportTest.SerializableDependency.SerializableLibrary",
          "name": "junit-jupiter",
          "paths": [
            "junit-jupiter-5.10.0.jar"
          ]
        },
        {
          "type": "tse.unblockt.ls.server.ProjectImportTest.SerializableDependency.SerializableLibrary",
          "name": "junit-jupiter-api",
          "paths": [
            "junit-jupiter-api-5.10.0.jar"
          ]
        },
        {
          "type": "tse.unblockt.ls.server.ProjectImportTest.SerializableDependency.SerializableLibrary",
          "name": "junit-jupiter-params",
          "paths": [
            "junit-jupiter-params-5.10.0.jar"
          ]
        },
        {
          "type": "tse.unblockt.ls.server.ProjectImportTest.SerializableDependency.SerializableLibrary",
          "name": "junit-platform-commons",
          "paths": [
            "junit-platform-commons-1.10.0.jar"
          ]
        },
        {
          "type": "tse.unblockt.ls.server.ProjectImportTest.SerializableDependency.SerializableLibrary",
          "name": "opentest4j",
          "paths": [
            "opentest4j-1.3.0.jar"
          ]
        }
      ],
      "buildFile": "build.gradle.kts"
    },
    {
      "name": "TestKotlin",
      "path": "TestKotlin",
      "dependencies": [],
      "buildFile": "build.gradle.kts"
    },
    {
      "name": "TestKotlin.main",
      "path": "main",
      "dependencies": [
        {
          "type": "tse.unblockt.ls.server.ProjectImportTest.SerializableDependency.SerializableLibrary",
          "name": "annotations",
          "paths": [
            "annotations-23.0.0.jar"
          ]
        },
        {
          "type": "tse.unblockt.ls.server.ProjectImportTest.SerializableDependency.SerializableLibrary",
          "name": "commons-lang3",
          "paths": [
            "commons-lang3-3.17.0.jar"
          ]
        },
        {
          "type": "tse.unblockt.ls.server.ProjectImportTest.SerializableDependency.SerializableLibrary",
          "name": "config",
          "paths": [
            "config-1.4.3.jar"
          ]
        },
        {
          "type": "tse.unblockt.ls.server.ProjectImportTest.SerializableDependency.SerializableLibrary",
          "name": "kotlin-reflect",
          "paths": [
            "kotlin-reflect-1.8.22.jar"
          ]
        },
        {
          "type": "tse.unblockt.ls.server.ProjectImportTest.SerializableDependency.SerializableLibrary",
          "name": "kotlin-stdlib",
          "paths": [
            "kotlin-stdlib-2.0.10.jar"
          ]
        },
        {
          "type": "tse.unblockt.ls.server.ProjectImportTest.SerializableDependency.SerializableLibrary",
          "name": "kotlin-stdlib-jdk7",
          "paths": [
            "kotlin-stdlib-jdk7-2.0.10.jar"
          ]
        },
        {
          "type": "tse.unblockt.ls.server.ProjectImportTest.SerializableDependency.SerializableLibrary",
          "name": "kotlin-stdlib-jdk8",
          "paths": [
            "kotlin-stdlib-jdk8-2.0.10.jar"
          ]
        },
        {
          "type": "tse.unblockt.ls.server.ProjectImportTest.SerializableDependency.SerializableLibrary",
          "name": "kotlinx-coroutines-core-jvm",
          "paths": [
            "kotlinx-coroutines-core-jvm-1.7.1.jar"
          ]
        },
        {
          "type": "tse.unblockt.ls.server.ProjectImportTest.SerializableDependency.SerializableLibrary",
          "name": "kotlinx-coroutines-jdk8",
          "paths": [
            "kotlinx-coroutines-jdk8-1.7.1.jar"
          ]
        },
        {
          "type": "tse.unblockt.ls.server.ProjectImportTest.SerializableDependency.SerializableLibrary",
          "name": "ktor-events-jvm",
          "paths": [
            "ktor-events-jvm-2.3.12.jar"
          ]
        },
        {
          "type": "tse.unblockt.ls.server.ProjectImportTest.SerializableDependency.SerializableLibrary",
          "name": "ktor-http-jvm",
          "paths": [
            "ktor-http-jvm-2.3.12.jar"
          ]
        },
        {
          "type": "tse.unblockt.ls.server.ProjectImportTest.SerializableDependency.SerializableLibrary",
          "name": "ktor-io-jvm",
          "paths": [
            "ktor-io-jvm-2.3.12.jar"
          ]
        },
        {
          "type": "tse.unblockt.ls.server.ProjectImportTest.SerializableDependency.SerializableLibrary",
          "name": "ktor-serialization-jvm",
          "paths": [
            "ktor-serialization-jvm-2.3.12.jar"
          ]
        },
        {
          "type": "tse.unblockt.ls.server.ProjectImportTest.SerializableDependency.SerializableLibrary",
          "name": "ktor-server-core-jvm",
          "paths": [
            "ktor-server-core-jvm-2.3.12.jar"
          ]
        },
        {
          "type": "tse.unblockt.ls.server.ProjectImportTest.SerializableDependency.SerializableLibrary",
          "name": "ktor-utils-jvm",
          "paths": [
            "ktor-utils-jvm-2.3.12.jar"
          ]
        },
        {
          "type": "tse.unblockt.ls.server.ProjectImportTest.SerializableDependency.SerializableLibrary",
          "name": "ktor-websockets-jvm",
          "paths": [
            "ktor-websockets-jvm-2.3.12.jar"
          ]
        },
        {
          "type": "tse.unblockt.ls.server.ProjectImportTest.SerializableDependency.SerializableLibrary",
          "name": "slf4j-api",
          "paths": [
            "slf4j-api-1.7.36.jar"
          ]
        }
      ],
      "buildFile": "build.gradle.kts"
    },
    {
      "name": "TestKotlin.test",
      "path": "test",
      "dependencies": [
        {
          "type": "tse.unblockt.ls.server.ProjectImportTest.SerializableDependency.SerializableModule",
          "name": "TestKotlin.main",
          "path": "main"
        },
        {
          "type": "tse.unblockt.ls.server.ProjectImportTest.SerializableDependency.SerializableLibrary",
          "name": "annotations",
          "paths": [
            "annotations-23.0.0.jar"
          ]
        },
        {
          "type": "tse.unblockt.ls.server.ProjectImportTest.SerializableDependency.SerializableLibrary",
          "name": "apiguardian-api",
          "paths": [
            "apiguardian-api-1.1.2.jar"
          ]
        },
        {
          "type": "tse.unblockt.ls.server.ProjectImportTest.SerializableDependency.SerializableLibrary",
          "name": "commons-lang3",
          "paths": [
            "commons-lang3-3.17.0.jar"
          ]
        },
        {
          "type": "tse.unblockt.ls.server.ProjectImportTest.SerializableDependency.SerializableLibrary",
          "name": "config",
          "paths": [
            "config-1.4.3.jar"
          ]
        },
        {
          "type": "tse.unblockt.ls.server.ProjectImportTest.SerializableDependency.SerializableLibrary",
          "name": "junit-jupiter",
          "paths": [
            "junit-jupiter-5.10.0.jar"
          ]
        },
        {
          "type": "tse.unblockt.ls.server.ProjectImportTest.SerializableDependency.SerializableLibrary",
          "name": "junit-jupiter-api",
          "paths": [
            "junit-jupiter-api-5.10.0.jar"
          ]
        },
        {
          "type": "tse.unblockt.ls.server.ProjectImportTest.SerializableDependency.SerializableLibrary",
          "name": "junit-jupiter-params",
          "paths": [
            "junit-jupiter-params-5.10.0.jar"
          ]
        },
        {
          "type": "tse.unblockt.ls.server.ProjectImportTest.SerializableDependency.SerializableLibrary",
          "name": "junit-platform-commons",
          "paths": [
            "junit-platform-commons-1.10.0.jar"
          ]
        },
        {
          "type": "tse.unblockt.ls.server.ProjectImportTest.SerializableDependency.SerializableLibrary",
          "name": "kotlin-reflect",
          "paths": [
            "kotlin-reflect-1.8.22.jar"
          ]
        },
        {
          "type": "tse.unblockt.ls.server.ProjectImportTest.SerializableDependency.SerializableLibrary",
          "name": "kotlin-stdlib",
          "paths": [
            "kotlin-stdlib-2.0.10.jar"
          ]
        },
        {
          "type": "tse.unblockt.ls.server.ProjectImportTest.SerializableDependency.SerializableLibrary",
          "name": "kotlin-stdlib-jdk7",
          "paths": [
            "kotlin-stdlib-jdk7-2.0.10.jar"
          ]
        },
        {
          "type": "tse.unblockt.ls.server.ProjectImportTest.SerializableDependency.SerializableLibrary",
          "name": "kotlin-stdlib-jdk8",
          "paths": [
            "kotlin-stdlib-jdk8-2.0.10.jar"
          ]
        },
        {
          "type": "tse.unblockt.ls.server.ProjectImportTest.SerializableDependency.SerializableLibrary",
          "name": "kotlinx-coroutines-core-jvm",
          "paths": [
            "kotlinx-coroutines-core-jvm-1.7.1.jar"
          ]
        },
        {
          "type": "tse.unblockt.ls.server.ProjectImportTest.SerializableDependency.SerializableLibrary",
          "name": "kotlinx-coroutines-jdk8",
          "paths": [
            "kotlinx-coroutines-jdk8-1.7.1.jar"
          ]
        },
        {
          "type": "tse.unblockt.ls.server.ProjectImportTest.SerializableDependency.SerializableLibrary",
          "name": "ktor-events-jvm",
          "paths": [
            "ktor-events-jvm-2.3.12.jar"
          ]
        },
        {
          "type": "tse.unblockt.ls.server.ProjectImportTest.SerializableDependency.SerializableLibrary",
          "name": "ktor-http-jvm",
          "paths": [
            "ktor-http-jvm-2.3.12.jar"
          ]
        },
        {
          "type": "tse.unblockt.ls.server.ProjectImportTest.SerializableDependency.SerializableLibrary",
          "name": "ktor-io-jvm",
          "paths": [
            "ktor-io-jvm-2.3.12.jar"
          ]
        },
        {
          "type": "tse.unblockt.ls.server.ProjectImportTest.SerializableDependency.SerializableLibrary",
          "name": "ktor-serialization-jvm",
          "paths": [
            "ktor-serialization-jvm-2.3.12.jar"
          ]
        },
        {
          "type": "tse.unblockt.ls.server.ProjectImportTest.SerializableDependency.SerializableLibrary",
          "name": "ktor-server-core-jvm",
          "paths": [
            "ktor-server-core-jvm-2.3.12.jar"
          ]
        },
        {
          "type": "tse.unblockt.ls.server.ProjectImportTest.SerializableDependency.SerializableLibrary",
          "name": "ktor-utils-jvm",
          "paths": [
            "ktor-utils-jvm-2.3.12.jar"
          ]
        },
        {
          "type": "tse.unblockt.ls.server.ProjectImportTest.SerializableDependency.SerializableLibrary",
          "name": "ktor-websockets-jvm",
          "paths": [
            "ktor-websockets-jvm-2.3.12.jar"
          ]
        },
        {
          "type": "tse.unblockt.ls.server.ProjectImportTest.SerializableDependency.SerializableLibrary",
          "name": "opentest4j",
          "paths": [
            "opentest4j-1.3.0.jar"
          ]
        },
        {
          "type": "tse.unblockt.ls.server.ProjectImportTest.SerializableDependency.SerializableLibrary",
          "name": "slf4j-api",
          "paths": [
            "slf4j-api-1.7.36.jar"
          ]
        }
      ],
      "buildFile": "build.gradle.kts"
    }
  ],
  "javaHome": "Home"
}