{
  "path": "",
  "projects": [
    {
      "name": "Sources of TestKotlin",
      "path": "",
      "dependencies": [
        {
          "type": "tse.unblockt.ls.server.ProjectImportTest.SerializableDependency.SerializableLibrary",
          "name": "JDK",
          "paths": []
        }
      ],
      "buildFile": ""
    },
    {
      "name": "Library ktor-server-core-jvm",
      "path": "",
      "dependencies": [],
      "buildFile": ""
    },
    {
      "name": "Library ktor-serialization-jvm",
      "path": "",
      "dependencies": [],
      "buildFile": ""
    },
    {
      "name": "Library ktor-events-jvm",
      "path": "",
      "dependencies": [],
      "buildFile": ""
    },
    {
      "name": "Library ktor-websockets-jvm",
      "path": "",
      "dependencies": [],
      "buildFile": ""
    },
    {
      "name": "Library ktor-http-jvm",
      "path": "",
      "dependencies": [],
      "buildFile": ""
    },
    {
      "name": "Library ktor-utils-jvm",
      "path": "",
      "dependencies": [],
      "buildFile": ""
    },
    {
      "name": "Library ktor-io-jvm",
      "path": "",
      "dependencies": [],
      "buildFile": ""
    },
    {
      "name": "Library kotlin-stdlib-jdk7",
      "path": "",
      "dependencies": [],
      "buildFile": ""
    },
    {
      "name": "Library kotlin-reflect",
      "path": "",
      "dependencies": [],
      "buildFile": ""
    },
    {
      "name": "Library kotlinx-coroutines-jdk8",
      "path": "",
      "dependencies": [],
      "buildFile": ""
    },
    {
      "name": "Library kotlinx-coroutines-core-jvm",
      "path": "",
      "dependencies": [],
      "buildFile": ""
    },
    {
      "name": "Library kotlin-stdlib",
      "path": "",
      "dependencies": [],
      "buildFile": ""
    },
    {
      "name": "Library kotlin-stdlib-jdk8",
      "path": "",
      "dependencies": [],
      "buildFile": ""
    },
    {
      "name": "Library commons-lang3",
      "path": "",
      "dependencies": [],
      "buildFile": ""
    },
    {
      "name": "Library annotations",
      "path": "",
      "dependencies": [],
      "buildFile": ""
    },
    {
      "name": "Library slf4j-api",
      "path": "",
      "dependencies": [],
      "buildFile": ""
    },
    {
      "name": "Library config",
      "path": "",
      "dependencies": [],
      "buildFile": ""
    },
    {
      "name": "Sources of TestKotlin.main",
      "path": "",
      "dependencies": [
        {
          "type": "tse.unblockt.ls.server.ProjectImportTest.SerializableDependency.SerializableLibrary",
          "name": "ktor-server-core-jvm",
          "paths": []
        },
        {
          "type": "tse.unblockt.ls.server.ProjectImportTest.SerializableDependency.SerializableLibrary",
          "name": "ktor-serialization-jvm",
          "paths": []
        },
        {
          "type": "tse.unblockt.ls.server.ProjectImportTest.SerializableDependency.SerializableLibrary",
          "name": "ktor-events-jvm",
          "paths": []
        },
        {
          "type": "tse.unblockt.ls.server.ProjectImportTest.SerializableDependency.SerializableLibrary",
          "name": "ktor-websockets-jvm",
          "paths": []
        },
        {
          "type": "tse.unblockt.ls.server.ProjectImportTest.SerializableDependency.SerializableLibrary",
          "name": "ktor-http-jvm",
          "paths": []
        },
        {
          "type": "tse.unblockt.ls.server.ProjectImportTest.SerializableDependency.SerializableLibrary",
          "name": "ktor-utils-jvm",
          "paths": []
        },
        {
          "type": "tse.unblockt.ls.server.ProjectImportTest.SerializableDependency.SerializableLibrary",
          "name": "ktor-io-jvm",
          "paths": []
        },
        {
          "type": "tse.unblockt.ls.server.ProjectImportTest.SerializableDependency.SerializableLibrary",
          "name": "kotlin-stdlib-jdk7",
          "paths": []
        },
        {
          "type": "tse.unblockt.ls.server.ProjectImportTest.SerializableDependency.SerializableLibrary",
          "name": "kotlin-reflect",
          "paths": []
        },
        {
          "type": "tse.unblockt.ls.server.ProjectImportTest.SerializableDependency.SerializableLibrary",
          "name": "kotlinx-coroutines-jdk8",
          "paths": []
        },
        {
          "type": "tse.unblockt.ls.server.ProjectImportTest.SerializableDependency.SerializableLibrary",
          "name": "kotlinx-coroutines-core-jvm",
          "paths": []
        },
        {
          "type": "tse.unblockt.ls.server.ProjectImportTest.SerializableDependency.SerializableLibrary",
          "name": "kotlin-stdlib",
          "paths": []
        },
        {
          "type": "tse.unblockt.ls.server.ProjectImportTest.SerializableDependency.SerializableLibrary",
          "name": "kotlin-stdlib-jdk8",
          "paths": []
        },
        {
          "type": "tse.unblockt.ls.server.ProjectImportTest.SerializableDependency.SerializableLibrary",
          "name": "commons-lang3",
          "paths": []
        },
        {
          "type": "tse.unblockt.ls.server.ProjectImportTest.SerializableDependency.SerializableLibrary",
          "name": "annotations",
          "paths": []
        },
        {
          "type": "tse.unblockt.ls.server.ProjectImportTest.SerializableDependency.SerializableLibrary",
          "name": "slf4j-api",
          "paths": []
        },
        {
          "type": "tse.unblockt.ls.server.ProjectImportTest.SerializableDependency.SerializableLibrary",
          "name": "config",
          "paths": []
        },
        {
          "type": "tse.unblockt.ls.server.ProjectImportTest.SerializableDependency.SerializableLibrary",
          "name": "JDK",
          "paths": []
        }
      ],
      "buildFile": ""
    },
    {
      "name": "Library junit-jupiter",
      "path": "",
      "dependencies": [],
      "buildFile": ""
    },
    {
      "name": "Library junit-jupiter-params",
      "path": "",
      "dependencies": [],
      "buildFile": ""
    },
    {
      "name": "Library junit-jupiter-api",
      "path": "",
      "dependencies": [],
      "buildFile": ""
    },
    {
      "name": "Library junit-platform-commons",
      "path": "",
      "dependencies": [],
      "buildFile": ""
    },
    {
      "name": "Library opentest4j",
      "path": "",
      "dependencies": [],
      "buildFile": ""
    },
    {
      "name": "Library apiguardian-api",
      "path": "",
      "dependencies": [],
      "buildFile": ""
    },
    {
      "name": "Sources of TestKotlin.test",
      "path": "",
      "dependencies": [
        {
          "type": "tse.unblockt.ls.server.ProjectImportTest.SerializableDependency.SerializableLibrary",
          "name": "ktor-server-core-jvm",
          "paths": []
        },
        {
          "type": "tse.unblockt.ls.server.ProjectImportTest.SerializableDependency.SerializableLibrary",
          "name": "ktor-serialization-jvm",
          "paths": []
        },
        {
          "type": "tse.unblockt.ls.server.ProjectImportTest.SerializableDependency.SerializableLibrary",
          "name": "ktor-events-jvm",
          "paths": []
        },
        {
          "type": "tse.unblockt.ls.server.ProjectImportTest.SerializableDependency.SerializableLibrary",
          "name": "ktor-websockets-jvm",
          "paths": []
        },
        {
          "type": "tse.unblockt.ls.server.ProjectImportTest.SerializableDependency.SerializableLibrary",
          "name": "ktor-http-jvm",
          "paths": []
        },
        {
          "type": "tse.unblockt.ls.server.ProjectImportTest.SerializableDependency.SerializableLibrary",
          "name": "ktor-utils-jvm",
          "paths": []
        },
        {
          "type": "tse.unblockt.ls.server.ProjectImportTest.SerializableDependency.SerializableLibrary",
          "name": "ktor-io-jvm",
          "paths": []
        },
        {
          "type": "tse.unblockt.ls.server.ProjectImportTest.SerializableDependency.SerializableLibrary",
          "name": "kotlin-stdlib-jdk7",
          "paths": []
        },
        {
          "type": "tse.unblockt.ls.server.ProjectImportTest.SerializableDependency.SerializableLibrary",
          "name": "kotlin-reflect",
          "paths": []
        },
        {
          "type": "tse.unblockt.ls.server.ProjectImportTest.SerializableDependency.SerializableLibrary",
          "name": "kotlinx-coroutines-jdk8",
          "paths": []
        },
        {
          "type": "tse.unblockt.ls.server.ProjectImportTest.SerializableDependency.SerializableLibrary",
          "name": "kotlinx-coroutines-core-jvm",
          "paths": []
        },
        {
          "type": "tse.unblockt.ls.server.ProjectImportTest.SerializableDependency.SerializableLibrary",
          "name": "kotlin-stdlib",
          "paths": []
        },
        {
          "type": "tse.unblockt.ls.server.ProjectImportTest.SerializableDependency.SerializableLibrary",
          "name": "kotlin-stdlib-jdk8",
          "paths": []
        },
        {
          "type": "tse.unblockt.ls.server.ProjectImportTest.SerializableDependency.SerializableLibrary",
          "name": "commons-lang3",
          "paths": []
        },
        {
          "type": "tse.unblockt.ls.server.ProjectImportTest.SerializableDependency.SerializableLibrary",
          "name": "junit-jupiter",
          "paths": []
        },
        {
          "type": "tse.unblockt.ls.server.ProjectImportTest.SerializableDependency.SerializableLibrary",
          "name": "junit-jupiter-params",
          "paths": []
        },
        {
          "type": "tse.unblockt.ls.server.ProjectImportTest.SerializableDependency.SerializableLibrary",
          "name": "junit-jupiter-api",
          "paths": []
        },
        {
          "type": "tse.unblockt.ls.server.ProjectImportTest.SerializableDependency.SerializableLibrary",
          "name": "junit-platform-commons",
          "paths": []
        },
        {
          "type": "tse.unblockt.ls.server.ProjectImportTest.SerializableDependency.SerializableLibrary",
          "name": "annotations",
          "paths": []
        },
        {
          "type": "tse.unblockt.ls.server.ProjectImportTest.SerializableDependency.SerializableLibrary",
          "name": "slf4j-api",
          "paths": []
        },
        {
          "type": "tse.unblockt.ls.server.ProjectImportTest.SerializableDependency.SerializableLibrary",
          "name": "config",
          "paths": []
        },
        {
          "type": "tse.unblockt.ls.server.ProjectImportTest.SerializableDependency.SerializableLibrary",
          "name": "opentest4j",
          "paths": []
        },
        {
          "type": "tse.unblockt.ls.server.ProjectImportTest.SerializableDependency.SerializableLibrary",
          "name": "apiguardian-api",
          "paths": []
        },
        {
          "type": "tse.unblockt.ls.server.ProjectImportTest.SerializableDependency.SerializableModule",
          "name": "TestKotlin.main",
          "path": ""
        },
        {
          "type": "tse.unblockt.ls.server.ProjectImportTest.SerializableDependency.SerializableLibrary",
          "name": "JDK",
          "paths": []
        }
      ],
      "buildFile": ""
    },
    {
      "name": "Sources of Submodule1",
      "path": "",
      "dependencies": [
        {
          "type": "tse.unblockt.ls.server.ProjectImportTest.SerializableDependency.SerializableLibrary",
          "name": "JDK",
          "paths": []
        }
      ],
      "buildFile": ""
    },
    {
      "name": "Library kotlin-stdlib-jdk8",
      "path": "",
      "dependencies": [],
      "buildFile": ""
    },
    {
      "name": "Library kotlin-stdlib-jdk7",
      "path": "",
      "dependencies": [],
      "buildFile": ""
    },
    {
      "name": "Library kotlin-stdlib",
      "path": "",
      "dependencies": [],
      "buildFile": ""
    },
    {
      "name": "Library kotlin-stdlib-common",
      "path": "",
      "dependencies": [],
      "buildFile": ""
    },
    {
      "name": "Sources of Submodule1.main",
      "path": "",
      "dependencies": [
        {
          "type": "tse.unblockt.ls.server.ProjectImportTest.SerializableDependency.SerializableLibrary",
          "name": "ktor-server-core-jvm",
          "paths": []
        },
        {
          "type": "tse.unblockt.ls.server.ProjectImportTest.SerializableDependency.SerializableLibrary",
          "name": "ktor-serialization-jvm",
          "paths": []
        },
        {
          "type": "tse.unblockt.ls.server.ProjectImportTest.SerializableDependency.SerializableLibrary",
          "name": "ktor-events-jvm",
          "paths": []
        },
        {
          "type": "tse.unblockt.ls.server.ProjectImportTest.SerializableDependency.SerializableLibrary",
          "name": "ktor-websockets-jvm",
          "paths": []
        },
        {
          "type": "tse.unblockt.ls.server.ProjectImportTest.SerializableDependency.SerializableLibrary",
          "name": "ktor-http-jvm",
          "paths": []
        },
        {
          "type": "tse.unblockt.ls.server.ProjectImportTest.SerializableDependency.SerializableLibrary",
          "name": "ktor-utils-jvm",
          "paths": []
        },
        {
          "type": "tse.unblockt.ls.server.ProjectImportTest.SerializableDependency.SerializableLibrary",
          "name": "ktor-io-jvm",
          "paths": []
        },
        {
          "type": "tse.unblockt.ls.server.ProjectImportTest.SerializableDependency.SerializableLibrary",
          "name": "kotlin-stdlib-jdk8",
          "paths": []
        },
        {
          "type": "tse.unblockt.ls.server.ProjectImportTest.SerializableDependency.SerializableLibrary",
          "name": "kotlin-stdlib-jdk7",
          "paths": []
        },
        {
          "type": "tse.unblockt.ls.server.ProjectImportTest.SerializableDependency.SerializableLibrary",
          "name": "kotlinx-coroutines-core-jvm",
          "paths": []
        },
        {
          "type": "tse.unblockt.ls.server.ProjectImportTest.SerializableDependency.SerializableLibrary",
          "name": "kotlinx-coroutines-jdk8",
          "paths": []
        },
        {
          "type": "tse.unblockt.ls.server.ProjectImportTest.SerializableDependency.SerializableLibrary",
          "name": "slf4j-api",
          "paths": []
        },
        {
          "type": "tse.unblockt.ls.server.ProjectImportTest.SerializableDependency.SerializableLibrary",
          "name": "config",
          "paths": []
        },
        {
          "type": "tse.unblockt.ls.server.ProjectImportTest.SerializableDependency.SerializableLibrary",
          "name": "kotlin-reflect",
          "paths": []
        },
        {
          "type": "tse.unblockt.ls.server.ProjectImportTest.SerializableDependency.SerializableLibrary",
          "name": "kotlin-stdlib",
          "paths": []
        },
        {
          "type": "tse.unblockt.ls.server.ProjectImportTest.SerializableDependency.SerializableLibrary",
          "name": "kotlin-stdlib-common",
          "paths": []
        },
        {
          "type": "tse.unblockt.ls.server.ProjectImportTest.SerializableDependency.SerializableLibrary",
          "name": "annotations",
          "paths": []
        },
        {
          "type": "tse.unblockt.ls.server.ProjectImportTest.SerializableDependency.SerializableLibrary",
          "name": "JDK",
          "paths": []
        }
      ],
      "buildFile": ""
    },
    {
      "name": "Sources of Submodule1.test",
      "path": "",
      "dependencies": [
        {
          "type": "tse.unblockt.ls.server.ProjectImportTest.SerializableDependency.SerializableLibrary",
          "name": "ktor-server-core-jvm",
          "paths": []
        },
        {
          "type": "tse.unblockt.ls.server.ProjectImportTest.SerializableDependency.SerializableLibrary",
          "name": "ktor-serialization-jvm",
          "paths": []
        },
        {
          "type": "tse.unblockt.ls.server.ProjectImportTest.SerializableDependency.SerializableLibrary",
          "name": "ktor-events-jvm",
          "paths": []
        },
        {
          "type": "tse.unblockt.ls.server.ProjectImportTest.SerializableDependency.SerializableLibrary",
          "name": "ktor-websockets-jvm",
          "paths": []
        },
        {
          "type": "tse.unblockt.ls.server.ProjectImportTest.SerializableDependency.SerializableLibrary",
          "name": "ktor-http-jvm",
          "paths": []
        },
        {
          "type": "tse.unblockt.ls.server.ProjectImportTest.SerializableDependency.SerializableLibrary",
          "name": "ktor-utils-jvm",
          "paths": []
        },
        {
          "type": "tse.unblockt.ls.server.ProjectImportTest.SerializableDependency.SerializableLibrary",
          "name": "ktor-io-jvm",
          "paths": []
        },
        {
          "type": "tse.unblockt.ls.server.ProjectImportTest.SerializableDependency.SerializableLibrary",
          "name": "kotlin-stdlib-jdk8",
          "paths": []
        },
        {
          "type": "tse.unblockt.ls.server.ProjectImportTest.SerializableDependency.SerializableLibrary",
          "name": "junit-jupiter",
          "paths": []
        },
        {
          "type": "tse.unblockt.ls.server.ProjectImportTest.SerializableDependency.SerializableLibrary",
          "name": "junit-jupiter-params",
          "paths": []
        },
        {
          "type": "tse.unblockt.ls.server.ProjectImportTest.SerializableDependency.SerializableLibrary",
          "name": "junit-jupiter-api",
          "paths": []
        },
        {
          "type": "tse.unblockt.ls.server.ProjectImportTest.SerializableDependency.SerializableLibrary",
          "name": "junit-platform-commons",
          "paths": []
        },
        {
          "type": "tse.unblockt.ls.server.ProjectImportTest.SerializableDependency.SerializableLibrary",
          "name": "kotlin-stdlib-jdk7",
          "paths": []
        },
        {
          "type": "tse.unblockt.ls.server.ProjectImportTest.SerializableDependency.SerializableLibrary",
          "name": "kotlinx-coroutines-core-jvm",
          "paths": []
        },
        {
          "type": "tse.unblockt.ls.server.ProjectImportTest.SerializableDependency.SerializableLibrary",
          "name": "kotlinx-coroutines-jdk8",
          "paths": []
        },
        {
          "type": "tse.unblockt.ls.server.ProjectImportTest.SerializableDependency.SerializableLibrary",
          "name": "slf4j-api",
          "paths": []
        },
        {
          "type": "tse.unblockt.ls.server.ProjectImportTest.SerializableDependency.SerializableLibrary",
          "name": "config",
          "paths": []
        },
        {
          "type": "tse.unblockt.ls.server.ProjectImportTest.SerializableDependency.SerializableLibrary",
          "name": "kotlin-reflect",
          "paths": []
        },
        {
          "type": "tse.unblockt.ls.server.ProjectImportTest.SerializableDependency.SerializableLibrary",
          "name": "kotlin-stdlib",
          "paths": []
        },
        {
          "type": "tse.unblockt.ls.server.ProjectImportTest.SerializableDependency.SerializableLibrary",
          "name": "kotlin-stdlib-common",
          "paths": []
        },
        {
          "type": "tse.unblockt.ls.server.ProjectImportTest.SerializableDependency.SerializableLibrary",
          "name": "opentest4j",
          "paths": []
        },
        {
          "type": "tse.unblockt.ls.server.ProjectImportTest.SerializableDependency.SerializableLibrary",
          "name": "apiguardian-api",
          "paths": []
        },
        {
          "type": "tse.unblockt.ls.server.ProjectImportTest.SerializableDependency.SerializableLibrary",
          "name": "annotations",
          "paths": []
        },
        {
          "type": "tse.unblockt.ls.server.ProjectImportTest.SerializableDependency.SerializableModule",
          "name": "Submodule1.main",
          "path": ""
        },
        {
          "type": "tse.unblockt.ls.server.ProjectImportTest.SerializableDependency.SerializableLibrary",
          "name": "JDK",
          "paths": []
        }
      ],
      "buildFile": ""
    },
    {
      "name": "Sources of Submodule2",
      "path": "",
      "dependencies": [
        {
          "type": "tse.unblockt.ls.server.ProjectImportTest.SerializableDependency.SerializableLibrary",
          "name": "JDK",
          "paths": []
        }
      ],
      "buildFile": ""
    },
    {
      "name": "Sources of Submodule2.main",
      "path": "",
      "dependencies": [
        {
          "type": "tse.unblockt.ls.server.ProjectImportTest.SerializableDependency.SerializableModule",
          "name": "Submodule1.main",
          "path": ""
        },
        {
          "type": "tse.unblockt.ls.server.ProjectImportTest.SerializableDependency.SerializableLibrary",
          "name": "JDK",
          "paths": []
        }
      ],
      "buildFile": ""
    },
    {
      "name": "Sources of Submodule2.test",
      "path": "",
      "dependencies": [
        {
          "type": "tse.unblockt.ls.server.ProjectImportTest.SerializableDependency.SerializableModule",
          "name": "Submodule1.main",
          "path": ""
        },
        {
          "type": "tse.unblockt.ls.server.ProjectImportTest.SerializableDependency.SerializableLibrary",
          "name": "junit-jupiter",
          "paths": []
        },
        {
          "type": "tse.unblockt.ls.server.ProjectImportTest.SerializableDependency.SerializableLibrary",
          "name": "junit-jupiter-params",
          "paths": []
        },
        {
          "type": "tse.unblockt.ls.server.ProjectImportTest.SerializableDependency.SerializableLibrary",
          "name": "junit-jupiter-api",
          "paths": []
        },
        {
          "type": "tse.unblockt.ls.server.ProjectImportTest.SerializableDependency.SerializableLibrary",
          "name": "junit-platform-commons",
          "paths": []
        },
        {
          "type": "tse.unblockt.ls.server.ProjectImportTest.SerializableDependency.SerializableLibrary",
          "name": "opentest4j",
          "paths": []
        },
        {
          "type": "tse.unblockt.ls.server.ProjectImportTest.SerializableDependency.SerializableLibrary",
          "name": "apiguardian-api",
          "paths": []
        },
        {
          "type": "tse.unblockt.ls.server.ProjectImportTest.SerializableDependency.SerializableModule",
          "name": "Submodule2.main",
          "path": ""
        },
        {
          "type": "tse.unblockt.ls.server.ProjectImportTest.SerializableDependency.SerializableLibrary",
          "name": "JDK",
          "paths": []
        }
      ],
      "buildFile": ""
    },
    {
      "name": "SDK JDK",
      "path": "",
      "dependencies": [],
      "buildFile": ""
    }
  ],
  "javaHome": ""
}