{
  "uri": "file:///File.class",
  "range": {
    "start": {
      "line": 0,
      "character": 0
    },
    "end": {
      "line": 0,
      "character": 0
    }
  }
}