{
  "version": 1,
  "entries": [
    {
      "url": "file:///settings.gradle.kts",
      "hash": [
        -126,
        38,
        -64,
        91,
        43,
        -14,
        79,
        110,
        6,
        13,
        -34,
        75,
        42,
        15,
        -49,
        97
      ]
    },
    {
      "url": "file:///build.gradle.kts",
      "hash": [
        79,
        34,
        56,
        -119,
        89,
        125,
        91,
        49,
        -76,
        -34,
        56,
        11,
        -56,
        -51,
        89,
        -48
      ]
    },
    {
      "url": "file:///Submodule1/build.gradle.kts",
      "hash": [
        -25,
        -114,
        79,
        -36,
        27,
        104,
        83,
        88,
        -118,
        54,
        15,
        -62,
        -72,
        116,
        -62,
        -114
      ]
    },
    {
      "url": "file:///Submodule2/build.gradle.kts",
      "hash": [
        -38,
        25,
        86,
        -32,
        5,
        -56,
        37,
        -36,
        -35,
        -109,
        12,
        34,
        -127,
        -38,
        22,
        -124
      ]
    }
  ],
  "changes": []
}