{
  "signatures": [
    {
      "label": "fun test(first: Int, second: Int)",
      "parameters": [
        {
          "label": "first: Int"
        },
        {
          "label": "second: Int"
        }
      ],
      "activeParameter": 0
    },
    {
      "label": "fun test(first: Int, second: Int, third: Int)",
      "parameters": [
        {
          "label": "first: Int"
        },
        {
          "label": "second: Int"
        },
        {
          "label": "third: Int"
        }
      ],
      "activeParameter": 0
    }
  ],
  "activeSignature": 0
}